Varsenik 
Harutyunyan
Bazmghbyur